Archive member included to satisfy reference by file (symbol)

/usr/lib/gcc/arm-none-eabi/12.2.1/../../../arm-none-eabi/lib/thumb/v7-m/nofp/libc_nano.a(lib_a-atexit.o)
                              /usr/lib/gcc/arm-none-eabi/12.2.1/../../../arm-none-eabi/lib/thumb/v7-m/nofp/crt0.o (atexit)
/usr/lib/gcc/arm-none-eabi/12.2.1/../../../arm-none-eabi/lib/thumb/v7-m/nofp/libc_nano.a(lib_a-exit.o)
                              /usr/lib/gcc/arm-none-eabi/12.2.1/../../../arm-none-eabi/lib/thumb/v7-m/nofp/crt0.o (exit)
/usr/lib/gcc/arm-none-eabi/12.2.1/../../../arm-none-eabi/lib/thumb/v7-m/nofp/libc_nano.a(lib_a-fini.o)
                              /usr/lib/gcc/arm-none-eabi/12.2.1/../../../arm-none-eabi/lib/thumb/v7-m/nofp/crt0.o (__libc_fini_array)
/usr/lib/gcc/arm-none-eabi/12.2.1/../../../arm-none-eabi/lib/thumb/v7-m/nofp/libc_nano.a(lib_a-impure.o)
                              /usr/lib/gcc/arm-none-eabi/12.2.1/../../../arm-none-eabi/lib/thumb/v7-m/nofp/libc_nano.a(lib_a-exit.o) (_global_impure_ptr)
/usr/lib/gcc/arm-none-eabi/12.2.1/../../../arm-none-eabi/lib/thumb/v7-m/nofp/libc_nano.a(lib_a-init.o)
                              /usr/lib/gcc/arm-none-eabi/12.2.1/../../../arm-none-eabi/lib/thumb/v7-m/nofp/crt0.o (__libc_init_array)
/usr/lib/gcc/arm-none-eabi/12.2.1/../../../arm-none-eabi/lib/thumb/v7-m/nofp/libc_nano.a(lib_a-memset.o)
                              /usr/lib/gcc/arm-none-eabi/12.2.1/../../../arm-none-eabi/lib/thumb/v7-m/nofp/crt0.o (memset)
/usr/lib/gcc/arm-none-eabi/12.2.1/../../../arm-none-eabi/lib/thumb/v7-m/nofp/libc_nano.a(lib_a-__atexit.o)
                              /usr/lib/gcc/arm-none-eabi/12.2.1/../../../arm-none-eabi/lib/thumb/v7-m/nofp/libc_nano.a(lib_a-atexit.o) (__register_exitproc)
/usr/lib/gcc/arm-none-eabi/12.2.1/../../../arm-none-eabi/lib/thumb/v7-m/nofp/libc_nano.a(lib_a-__call_atexit.o)
                              /usr/lib/gcc/arm-none-eabi/12.2.1/../../../arm-none-eabi/lib/thumb/v7-m/nofp/libc_nano.a(lib_a-__atexit.o) (__call_exitprocs)
/usr/lib/gcc/arm-none-eabi/12.2.1/../../../arm-none-eabi/lib/thumb/v7-m/nofp/libg_nano.a(lib_a-errno.o)
                              CMakeFiles/thermometers.dir/Core/Src/sysmem.c.obj (__errno)

Discarded input sections

 .text          0x00000000        0x0 /usr/lib/gcc/arm-none-eabi/12.2.1/thumb/v7-m/nofp/crti.o
 .data          0x00000000        0x0 /usr/lib/gcc/arm-none-eabi/12.2.1/thumb/v7-m/nofp/crti.o
 .bss           0x00000000        0x0 /usr/lib/gcc/arm-none-eabi/12.2.1/thumb/v7-m/nofp/crti.o
 .data          0x00000000        0x4 /usr/lib/gcc/arm-none-eabi/12.2.1/thumb/v7-m/nofp/crtbegin.o
 .rodata        0x00000000       0x24 /usr/lib/gcc/arm-none-eabi/12.2.1/thumb/v7-m/nofp/crtbegin.o
 .text          0x00000000       0x70 /usr/lib/gcc/arm-none-eabi/12.2.1/../../../arm-none-eabi/lib/thumb/v7-m/nofp/crt0.o
 .data          0x00000000        0x0 /usr/lib/gcc/arm-none-eabi/12.2.1/../../../arm-none-eabi/lib/thumb/v7-m/nofp/crt0.o
 .bss           0x00000000        0x0 /usr/lib/gcc/arm-none-eabi/12.2.1/../../../arm-none-eabi/lib/thumb/v7-m/nofp/crt0.o
 .ARM.extab     0x00000000        0x0 /usr/lib/gcc/arm-none-eabi/12.2.1/../../../arm-none-eabi/lib/thumb/v7-m/nofp/crt0.o
 .ARM.exidx     0x00000000       0x10 /usr/lib/gcc/arm-none-eabi/12.2.1/../../../arm-none-eabi/lib/thumb/v7-m/nofp/crt0.o
 .debug_line    0x00000000       0x75 /usr/lib/gcc/arm-none-eabi/12.2.1/../../../arm-none-eabi/lib/thumb/v7-m/nofp/crt0.o
 .debug_line_str
                0x00000000       0x82 /usr/lib/gcc/arm-none-eabi/12.2.1/../../../arm-none-eabi/lib/thumb/v7-m/nofp/crt0.o
 .debug_info    0x00000000       0x24 /usr/lib/gcc/arm-none-eabi/12.2.1/../../../arm-none-eabi/lib/thumb/v7-m/nofp/crt0.o
 .debug_abbrev  0x00000000       0x14 /usr/lib/gcc/arm-none-eabi/12.2.1/../../../arm-none-eabi/lib/thumb/v7-m/nofp/crt0.o
 .debug_aranges
                0x00000000       0x20 /usr/lib/gcc/arm-none-eabi/12.2.1/../../../arm-none-eabi/lib/thumb/v7-m/nofp/crt0.o
 .debug_str     0x00000000       0x8e /usr/lib/gcc/arm-none-eabi/12.2.1/../../../arm-none-eabi/lib/thumb/v7-m/nofp/crt0.o
 .ARM.attributes
                0x00000000       0x1b /usr/lib/gcc/arm-none-eabi/12.2.1/../../../arm-none-eabi/lib/thumb/v7-m/nofp/crt0.o
 .text          0x00000000        0xc /usr/lib/gcc/arm-none-eabi/12.2.1/../../../arm-none-eabi/lib/thumb/v7-m/nofp/libc_nano.a(lib_a-atexit.o)
 .data          0x00000000        0x0 /usr/lib/gcc/arm-none-eabi/12.2.1/../../../arm-none-eabi/lib/thumb/v7-m/nofp/libc_nano.a(lib_a-atexit.o)
 .bss           0x00000000        0x0 /usr/lib/gcc/arm-none-eabi/12.2.1/../../../arm-none-eabi/lib/thumb/v7-m/nofp/libc_nano.a(lib_a-atexit.o)
 .debug_info    0x00000000      0x118 /usr/lib/gcc/arm-none-eabi/12.2.1/../../../arm-none-eabi/lib/thumb/v7-m/nofp/libc_nano.a(lib_a-atexit.o)
 .debug_abbrev  0x00000000       0xc1 /usr/lib/gcc/arm-none-eabi/12.2.1/../../../arm-none-eabi/lib/thumb/v7-m/nofp/libc_nano.a(lib_a-atexit.o)
 .debug_loclists
[...]
Memory Configuration

Name             Origin             Length             Attributes
RAM              0x20000000         0x00005000         xrw
FLASH            0x08000000         0x00010000         xr
*default*        0x00000000         0xffffffff

Linker script and memory map

LOAD /usr/lib/gcc/arm-none-eabi/12.2.1/thumb/v7-m/nofp/crti.o
LOAD /usr/lib/gcc/arm-none-eabi/12.2.1/thumb/v7-m/nofp/crtbegin.o
LOAD /usr/lib/gcc/arm-none-eabi/12.2.1/../../../arm-none-eabi/lib/thumb/v7-m/nofp/crt0.o
START GROUP
LOAD /usr/lib/gcc/arm-none-eabi/12.2.1/../../../arm-none-eabi/lib/thumb/v7-m/nofp/libc_nano.a
LOAD /usr/lib/gcc/arm-none-eabi/12.2.1/../../../arm-none-eabi/lib/thumb/v7-m/nofp/libm.a
END GROUP
LOAD CMakeFiles/thermometers.dir/Core/Src/oled.c.obj
LOAD CMakeFiles/thermometers.dir/Core/Src/dht20.c.obj
LOAD CMakeFiles/thermometers.dir/Core/Src/main.c.obj
LOAD CMakeFiles/thermometers.dir/Core/Src/gpio.c.obj
LOAD CMakeFiles/thermometers.dir/Core/Src/i2c.c.obj
LOAD CMakeFiles/thermometers.dir/Core/Src/stm32f1xx_it.c.obj
LOAD CMakeFiles/thermometers.dir/Core/Src/stm32f1xx_hal_msp.c.obj
LOAD CMakeFiles/thermometers.dir/Drivers/STM32F1xx_HAL_Driver/Src/stm32f1xx_hal_gpio_ex.c.obj
LOAD CMakeFiles/thermometers.dir/Drivers/STM32F1xx_HAL_Driver/Src/stm32f1xx_hal_i2c.c.obj
LOAD CMakeFiles/thermometers.dir/Drivers/STM32F1xx_HAL_Driver/Src/stm32f1xx_hal.c.obj
LOAD CMakeFiles/thermometers.dir/Drivers/STM32F1xx_HAL_Driver/Src/stm32f1xx_hal_rcc.c.obj
LOAD CMakeFiles/thermometers.dir/Drivers/STM32F1xx_HAL_Driver/Src/stm32f1xx_hal_rcc_ex.c.obj
LOAD CMakeFiles/thermometers.dir/Drivers/STM32F1xx_HAL_Driver/Src/stm32f1xx_hal_gpio.c.obj
LOAD CMakeFiles/thermometers.dir/Drivers/STM32F1xx_HAL_Driver/Src/stm32f1xx_hal_dma.c.obj
LOAD CMakeFiles/thermometers.dir/Drivers/STM32F1xx_HAL_Driver/Src/stm32f1xx_hal_cortex.c.obj
LOAD CMakeFiles/thermometers.dir/Drivers/STM32F1xx_HAL_Driver/Src/stm32f1xx_hal_pwr.c.obj
LOAD CMakeFiles/thermometers.dir/Drivers/STM32F1xx_HAL_Driver/Src/stm32f1xx_hal_flash.c.obj
LOAD CMakeFiles/thermometers.dir/Drivers/STM32F1xx_HAL_Driver/Src/stm32f1xx_hal_flash_ex.c.obj
LOAD CMakeFiles/thermometers.dir/Drivers/STM32F1xx_HAL_Driver/Src/stm32f1xx_hal_exti.c.obj
LOAD CMakeFiles/thermometers.dir/Core/Src/system_stm32f1xx.c.obj
LOAD CMakeFiles/thermometers.dir/Core/Src/sysmem.c.obj
LOAD CMakeFiles/thermometers.dir/Core/Src/syscalls.c.obj
LOAD CMakeFiles/thermometers.dir/startup_stm32f103xb.s.obj
START GROUP
LOAD /usr/lib/gcc/arm-none-eabi/12.2.1/thumb/v7-m/nofp/libgcc.a
LOAD /usr/lib/gcc/arm-none-eabi/12.2.1/../../../arm-none-eabi/lib/thumb/v7-m/nofp/libg_nano.a
LOAD /usr/lib/gcc/arm-none-eabi/12.2.1/../../../arm-none-eabi/lib/thumb/v7-m/nofp/libc_nano.a
END GROUP
START GROUP
LOAD /usr/lib/gcc/arm-none-eabi/12.2.1/thumb/v7-m/nofp/libgcc.a
LOAD /usr/lib/gcc/arm-none-eabi/12.2.1/../../../arm-none-eabi/lib/thumb/v7-m/nofp/libc_nano.a
END GROUP
LOAD /usr/lib/gcc/arm-none-eabi/12.2.1/thumb/v7-m/nofp/crtend.o
LOAD /usr/lib/gcc/arm-none-eabi/12.2.1/thumb/v7-m/nofp/crtn.o
                0x20005000                        _estack = (ORIGIN (RAM) + LENGTH (RAM))
                0x00000200                        _Min_Heap_Size = 0x200
                0x00000400                        _Min_Stack_Size = 0x400

.isr_vector     0x08000000      0x10c
                0x08000000                        . = ALIGN (0x4)
 *(.isr_vector)
 .isr_vector    0x08000000      0x10c CMakeFiles/thermometers.dir/startup_stm32f103xb.s.obj
                0x08000000                g_pfnVectors
                0x0800010c                        . = ALIGN (0x4)

.text           0x0800010c     0x1558
                0x0800010c                        . = ALIGN (0x4)
 *(.text)
 .text          0x0800010c       0x88 /usr/lib/gcc/arm-none-eabi/12.2.1/thumb/v7-m/nofp/crtbegin.o
 .text          0x08000194       0x50 /usr/lib/gcc/arm-none-eabi/12.2.1/../../../arm-none-eabi/lib/thumb/v7-m/nofp/libc_nano.a(lib_a-init.o)
                0x08000194                __libc_init_array
 .text          0x080001e4       0xa0 /usr/lib/gcc/arm-none-eabi/12.2.1/../../../arm-none-eabi/lib/thumb/v7-m/nofp/libc_nano.a(lib_a-memset.o)
                0x080001e4                memset
 *(.text*)
 .text.main     0x08000284       0x1c CMakeFiles/thermometers.dir/Core/Src/main.c.obj
                0x08000284                main
 .text.SystemClock_Config
                0x080002a0       0x8a CMakeFiles/thermometers.dir/Core/Src/main.c.obj
                0x080002a0                SystemClock_Config
 .text.Error_Handler
                0x0800032a        0xc CMakeFiles/thermometers.dir/Core/Src/main.c.obj
                0x0800032a                Error_Handler
 *fill*         0x08000336        0x2 
 .text.MX_GPIO_Init
                0x08000338       0x5c CMakeFiles/thermometers.dir/Core/Src/gpio.c.obj
                0x08000338                MX_GPIO_Init
 .text.MX_I2C1_Init
                0x08000394       0x5c CMakeFiles/thermometers.dir/Core/Src/i2c.c.obj
                0x08000394                MX_I2C1_Init
 .text.MX_I2C2_Init
                0x080003f0       0x5c CMakeFiles/thermometers.dir/Core/Src/i2c.c.obj
                0x080003f0                MX_I2C2_Init
 .text.HAL_I2C_MspInit
                0x0800044c       0xd8 CMakeFiles/thermometers.dir/Core/Src/i2c.c.obj
                0x0800044c                HAL_I2C_MspInit
 .text.NMI_Handler
                0x08000524        0x8 CMakeFiles/thermometers.dir/Core/Src/stm32f1xx_it.c.obj
                0x08000524                NMI_Handler
 .text.HardFault_Handler
                0x0800052c        0x8 CMakeFiles/thermometers.dir/Core/Src/stm32f1xx_it.c.obj
                0x0800052c                HardFault_Handler
 .text.MemManage_Handler
                0x08000534        0x8 CMakeFiles/thermometers.dir/Core/Src/stm32f1xx_it.c.obj
                0x08000534                MemManage_Handler
 .text.BusFault_Handler
                0x0800053c        0x8 CMakeFiles/thermometers.dir/Core/Src/stm32f1xx_it.c.obj
                0x0800053c                BusFault_Handler
 .text.UsageFault_Handler
                0x08000544        0x8 CMakeFiles/thermometers.dir/Core/Src/stm32f1xx_it.c.obj
                0x08000544                UsageFault_Handler
 .text.SVC_Handler
                0x0800054c        0xc CMakeFiles/thermometers.dir/Core/Src/stm32f1xx_it.c.obj
                0x0800054c                SVC_Handler
 .text.DebugMon_Handler
                0x08000558        0xc CMakeFiles/thermometers.dir/Core/Src/stm32f1xx_it.c.obj
                0x08000558                DebugMon_Handler
 .text.PendSV_Handler
                0x08000564        0xc CMakeFiles/thermometers.dir/Core/Src/stm32f1xx_it.c.obj
                0x08000564                PendSV_Handler
 .text.SysTick_Handler
                0x08000570        0xc CMakeFiles/thermometers.dir/Core/Src/stm32f1xx_it.c.obj
                0x08000570                SysTick_Handler
 .text.HAL_MspInit
                0x0800057c       0x64 CMakeFiles/thermometers.dir/Core/Src/stm32f1xx_hal_msp.c.obj
                0x0800057c                HAL_MspInit
 .text.HAL_I2C_Init
                0x080005e0      0x288 CMakeFiles/thermometers.dir/Drivers/STM32F1xx_HAL_Driver/Src/stm32f1xx_hal_i2c.c.obj
                0x080005e0                HAL_I2C_Init
 .text.HAL_Init
                0x08000868       0x2c CMakeFiles/thermometers.dir/Drivers/STM32F1xx_HAL_Driver/Src/stm32f1xx_hal.c.obj
                0x08000868                HAL_Init
 .text.HAL_InitTick
                0x08000894       0x60 CMakeFiles/thermometers.dir/Drivers/STM32F1xx_HAL_Driver/Src/stm32f1xx_hal.c.obj
                0x08000894                HAL_InitTick
 .text.HAL_IncTick
                0x080008f4       0x24 CMakeFiles/thermometers.dir/Drivers/STM32F1xx_HAL_Driver/Src/stm32f1xx_hal.c.obj
                0x080008f4                HAL_IncTick
 .text.HAL_GetTick
                0x08000918       0x14 CMakeFiles/thermometers.dir/Drivers/STM32F1xx_HAL_Driver/Src/stm32f1xx_hal.c.obj
                0x08000918                HAL_GetTick
 .text.HAL_RCC_OscConfig
                0x0800092c      0x504 CMakeFiles/thermometers.dir/Drivers/STM32F1xx_HAL_Driver/Src/stm32f1xx_hal_rcc.c.obj
                0x0800092c                HAL_RCC_OscConfig
 .text.HAL_RCC_ClockConfig
                0x08000e30      0x1d4 CMakeFiles/thermometers.dir/Drivers/STM32F1xx_HAL_Driver/Src/stm32f1xx_hal_rcc.c.obj
                0x08000e30                HAL_RCC_ClockConfig
 .text.HAL_RCC_GetSysClockFreq
                0x08001004       0xa8 CMakeFiles/thermometers.dir/Drivers/STM32F1xx_HAL_Driver/Src/stm32f1xx_hal_rcc.c.obj
                0x08001004                HAL_RCC_GetSysClockFreq
 .text.HAL_RCC_GetHCLKFreq
                0x080010ac       0x14 CMakeFiles/thermometers.dir/Drivers/STM32F1xx_HAL_Driver/Src/stm32f1xx_hal_rcc.c.obj
                0x080010ac                HAL_RCC_GetHCLKFreq
 .text.HAL_RCC_GetPCLK1Freq
                0x080010c0       0x28 CMakeFiles/thermometers.dir/Drivers/STM32F1xx_HAL_Driver/Src/stm32f1xx_hal_rcc.c.obj
                0x080010c0                HAL_RCC_GetPCLK1Freq
 .text.RCC_Delay
                0x080010e8       0x3c CMakeFiles/thermometers.dir/Drivers/STM32F1xx_HAL_Driver/Src/stm32f1xx_hal_rcc.c.obj
 .text.HAL_GPIO_Init
                0x08001124      0x308 CMakeFiles/thermometers.dir/Drivers/STM32F1xx_HAL_Driver/Src/stm32f1xx_hal_gpio.c.obj
                0x08001124                HAL_GPIO_Init
 .text.__NVIC_SetPriorityGrouping
                0x0800142c       0x48 CMakeFiles/thermometers.dir/Drivers/STM32F1xx_HAL_Driver/Src/stm32f1xx_hal_cortex.c.obj
 .text.__NVIC_GetPriorityGrouping
                0x08001474       0x1c CMakeFiles/thermometers.dir/Drivers/STM32F1xx_HAL_Driver/Src/stm32f1xx_hal_cortex.c.obj
 .text.__NVIC_SetPriority
                0x08001490       0x54 CMakeFiles/thermometers.dir/Drivers/STM32F1xx_HAL_Driver/Src/stm32f1xx_hal_cortex.c.obj
 .text.NVIC_EncodePriority
                0x080014e4       0x64 CMakeFiles/thermometers.dir/Drivers/STM32F1xx_HAL_Driver/Src/stm32f1xx_hal_cortex.c.obj
 .text.SysTick_Config
                0x08001548       0x44 CMakeFiles/thermometers.dir/Drivers/STM32F1xx_HAL_Driver/Src/stm32f1xx_hal_cortex.c.obj
 .text.HAL_NVIC_SetPriorityGrouping
                0x0800158c       0x16 CMakeFiles/thermometers.dir/Drivers/STM32F1xx_HAL_Driver/Src/stm32f1xx_hal_cortex.c.obj
                0x0800158c                HAL_NVIC_SetPriorityGrouping
 .text.HAL_NVIC_SetPriority
                0x080015a2       0x38 CMakeFiles/thermometers.dir/Drivers/STM32F1xx_HAL_Driver/Src/stm32f1xx_hal_cortex.c.obj
                0x080015a2                HAL_NVIC_SetPriority
 .text.HAL_SYSTICK_Config
                0x080015da       0x18 CMakeFiles/thermometers.dir/Drivers/STM32F1xx_HAL_Driver/Src/stm32f1xx_hal_cortex.c.obj
                0x080015da                HAL_SYSTICK_Config
 .text.SystemInit
                0x080015f2        0xc CMakeFiles/thermometers.dir/Core/Src/system_stm32f1xx.c.obj
                0x080015f2                SystemInit
 *fill*         0x080015fe        0x2 
 .text.Reset_Handler
                0x08001600       0x48 CMakeFiles/thermometers.dir/startup_stm32f103xb.s.obj
                0x08001600                Reset_Handler
 .text.Default_Handler
                0x08001648        0x2 CMakeFiles/thermometers.dir/startup_stm32f103xb.s.obj
                0x08001648                RTC_Alarm_IRQHandler
                0x08001648                EXTI2_IRQHandler
                0x08001648                TIM1_CC_IRQHandler
                0x08001648                PVD_IRQHandler
                0x08001648                EXTI3_IRQHandler
                0x08001648                EXTI0_IRQHandler
                0x08001648                I2C2_EV_IRQHandler
                0x08001648                ADC1_2_IRQHandler
                0x08001648                SPI1_IRQHandler
                0x08001648                TAMPER_IRQHandler
                0x08001648                DMA1_Channel4_IRQHandler
                0x08001648                USART3_IRQHandler
                0x08001648                RTC_IRQHandler
                0x08001648                DMA1_Channel7_IRQHandler
                0x08001648                CAN1_RX1_IRQHandler
                0x08001648                TIM4_IRQHandler
                0x08001648                I2C1_EV_IRQHandler
                0x08001648                DMA1_Channel6_IRQHandler
                0x08001648                TIM3_IRQHandler
                0x08001648                RCC_IRQHandler
                0x08001648                TIM1_TRG_COM_IRQHandler
                0x08001648                DMA1_Channel1_IRQHandler
                0x08001648                Default_Handler
                0x08001648                EXTI15_10_IRQHandler
                0x08001648                EXTI9_5_IRQHandler
                0x08001648                SPI2_IRQHandler
                0x08001648                DMA1_Channel5_IRQHandler
                0x08001648                EXTI4_IRQHandler
                0x08001648                USB_LP_CAN1_RX0_IRQHandler
                0x08001648                USB_HP_CAN1_TX_IRQHandler
                0x08001648                DMA1_Channel3_IRQHandler
                0x08001648                TIM1_UP_IRQHandler
                0x08001648                WWDG_IRQHandler
                0x08001648                TIM2_IRQHandler
                0x08001648                TIM1_BRK_IRQHandler
                0x08001648                EXTI1_IRQHandler
                0x08001648                USART2_IRQHandler
                0x08001648                I2C2_ER_IRQHandler
                0x08001648                DMA1_Channel2_IRQHandler
                0x08001648                CAN1_SCE_IRQHandler
                0x08001648                FLASH_IRQHandler
                0x08001648                USART1_IRQHandler
                0x08001648                I2C1_ER_IRQHandler
                0x08001648                USBWakeUp_IRQHandler
 *(.glue_7)
 .glue_7        0x0800164a        0x0 linker stubs
 *(.glue_7t)
 .glue_7t       0x0800164a        0x0 linker stubs
 *(.eh_frame)
 *fill*         0x0800164a        0x2 
 .eh_frame      0x0800164c        0x0 /usr/lib/gcc/arm-none-eabi/12.2.1/thumb/v7-m/nofp/crtbegin.o
 *(.init)
 .init          0x0800164c        0x4 /usr/lib/gcc/arm-none-eabi/12.2.1/thumb/v7-m/nofp/crti.o
                0x0800164c                _init
 .init          0x08001650        0x8 /usr/lib/gcc/arm-none-eabi/12.2.1/thumb/v7-m/nofp/crtn.o
 *(.fini)
 .fini          0x08001658        0x4 /usr/lib/gcc/arm-none-eabi/12.2.1/thumb/v7-m/nofp/crti.o
                0x08001658                _fini
 .fini          0x0800165c        0x8 /usr/lib/gcc/arm-none-eabi/12.2.1/thumb/v7-m/nofp/crtn.o
                0x08001664                        . = ALIGN (0x4)
                0x08001664                        _etext = .

.vfp11_veneer   0x08001664        0x0
 .vfp11_veneer  0x08001664        0x0 linker stubs

.v4_bx          0x08001664        0x0
 .v4_bx         0x08001664        0x0 linker stubs

.iplt           0x08001664        0x0
 .iplt          0x08001664        0x0 /usr/lib/gcc/arm-none-eabi/12.2.1/thumb/v7-m/nofp/crtbegin.o

.rodata         0x08001664       0x2c
                0x08001664                        . = ALIGN (0x4)
 *(.rodata)
 *(.rodata*)
 .rodata.aPLLMULFactorTable.1
                0x08001664       0x10 CMakeFiles/thermometers.dir/Drivers/STM32F1xx_HAL_Driver/Src/stm32f1xx_hal_rcc.c.obj
 .rodata.aPredivFactorTable.0
                0x08001674        0x2 CMakeFiles/thermometers.dir/Drivers/STM32F1xx_HAL_Driver/Src/stm32f1xx_hal_rcc.c.obj
 *fill*         0x08001676        0x2 
 .rodata.AHBPrescTable
                0x08001678       0x10 CMakeFiles/thermometers.dir/Core/Src/system_stm32f1xx.c.obj
                0x08001678                AHBPrescTable
 .rodata.APBPrescTable
                0x08001688        0x8 CMakeFiles/thermometers.dir/Core/Src/system_stm32f1xx.c.obj
                0x08001688                APBPrescTable
                0x08001690                        . = ALIGN (0x4)

.rel.dyn        0x08001690        0x0
 .rel.iplt      0x08001690        0x0 /usr/lib/gcc/arm-none-eabi/12.2.1/thumb/v7-m/nofp/crtbegin.o

.ARM.extab
 *(.ARM.extab* .gnu.linkonce.armextab.*)

.ARM            0x08001690        0x0
                0x08001690                        __exidx_start = .
 *(.ARM.exidx*)
                0x08001690                        __exidx_end = .

.preinit_array  0x08001690        0x0
                0x08001690                        PROVIDE (__preinit_array_start = .)
 *(.preinit_array*)
                0x08001690                        PROVIDE (__preinit_array_end = .)

.init_array     0x08001690        0x4
                0x08001690                        PROVIDE (__init_array_start = .)
 *(SORT_BY_NAME(.init_array.*))
 *(.init_array*)
 .init_array    0x08001690        0x4 /usr/lib/gcc/arm-none-eabi/12.2.1/thumb/v7-m/nofp/crtbegin.o
                0x08001694                        PROVIDE (__init_array_end = .)

.fini_array     0x08001694        0x4
                0x08001694                        PROVIDE (__fini_array_start = .)
 *(SORT_BY_NAME(.fini_array.*))
 *(.fini_array*)
 .fini_array    0x08001694        0x4 /usr/lib/gcc/arm-none-eabi/12.2.1/thumb/v7-m/nofp/crtbegin.o
                0x08001698                        PROVIDE (__fini_array_end = .)
                0x08001698                        _sidata = LOADADDR (.data)

.data           0x20000000        0xc load address 0x08001698
                0x20000000                        . = ALIGN (0x4)
                0x20000000                        _sdata = .
 *(.data)
 *(.data*)
 .data.uwTickPrio
                0x20000000        0x4 CMakeFiles/thermometers.dir/Drivers/STM32F1xx_HAL_Driver/Src/stm32f1xx_hal.c.obj
                0x20000000                uwTickPrio
 .data.uwTickFreq
                0x20000004        0x1 CMakeFiles/thermometers.dir/Drivers/STM32F1xx_HAL_Driver/Src/stm32f1xx_hal.c.obj
                0x20000004                uwTickFreq
 *fill*         0x20000005        0x3 
 .data.SystemCoreClock
                0x20000008        0x4 CMakeFiles/thermometers.dir/Core/Src/system_stm32f1xx.c.obj
                0x20000008                SystemCoreClock
                0x2000000c                        . = ALIGN (0x4)
                0x2000000c                        _edata = .

.tm_clone_table
                0x2000000c        0x0 load address 0x080016a4
 .tm_clone_table
                0x2000000c        0x0 /usr/lib/gcc/arm-none-eabi/12.2.1/thumb/v7-m/nofp/crtbegin.o
 .tm_clone_table
                0x2000000c        0x0 /usr/lib/gcc/arm-none-eabi/12.2.1/thumb/v7-m/nofp/crtend.o

.igot.plt       0x2000000c        0x0 load address 0x080016a4
 .igot.plt      0x2000000c        0x0 /usr/lib/gcc/arm-none-eabi/12.2.1/thumb/v7-m/nofp/crtbegin.o
                0x2000000c                        . = ALIGN (0x4)

.bss            0x2000000c       0xc8 load address 0x080016a4
                0x2000000c                        _sbss = .
                0x2000000c                        __bss_start__ = _sbss
 *(.bss)
 .bss           0x2000000c       0x1c /usr/lib/gcc/arm-none-eabi/12.2.1/thumb/v7-m/nofp/crtbegin.o
 *(.bss*)
 .bss.hi2c1     0x20000028       0x54 CMakeFiles/thermometers.dir/Core/Src/i2c.c.obj
                0x20000028                hi2c1
 .bss.hi2c2     0x2000007c       0x54 CMakeFiles/thermometers.dir/Core/Src/i2c.c.obj
                0x2000007c                hi2c2
 .bss.uwTick    0x200000d0        0x4 CMakeFiles/thermometers.dir/Drivers/STM32F1xx_HAL_Driver/Src/stm32f1xx_hal.c.obj
                0x200000d0                uwTick
 *(COMMON)
                0x200000d4                        . = ALIGN (0x4)
                0x200000d4                        _ebss = .
                0x200000d4                        __bss_end__ = _ebss

._user_heap_stack
                0x200000d4      0x604 load address 0x080016a4
                0x200000d8                        . = ALIGN (0x8)
 *fill*         0x200000d4        0x4 
                [!provide]                        PROVIDE (end = .)
                0x200000d8                        PROVIDE (_end = .)
                0x200002d8                        . = (. + _Min_Heap_Size)
 *fill*         0x200000d8      0x200 
                0x200006d8                        . = (. + _Min_Stack_Size)
 *fill*         0x200002d8      0x400 
                0x200006d8                        . = ALIGN (0x8)

/DISCARD/
 libc.a(*)
 libm.a(*)
 libgcc.a(*)
OUTPUT(thermometers.elf elf32-littlearm)
LOAD linker stubs
LOAD /usr/lib/gcc/arm-none-eabi/12.2.1/../../../arm-none-eabi/lib/thumb/v7-m/nofp/libc.a
LOAD /usr/lib/gcc/arm-none-eabi/12.2.1/../../../arm-none-eabi/lib/thumb/v7-m/nofp/libm.a
LOAD /usr/lib/gcc/arm-none-eabi/12.2.1/thumb/v7-m/nofp/libgcc.a

.ARM.attributes
                0x00000000       0x29
 .ARM.attributes
                0x00000000       0x1d /usr/lib/gcc/arm-none-eabi/12.2.1/thumb/v7-m/nofp/crti.o
 .ARM.attributes
                0x0000001d       0x2d /usr/lib/gcc/arm-none-eabi/12.2.1/thumb/v7-m/nofp/crtbegin.o
 .ARM.attributes
                0x0000004a       0x2d /usr/lib/gcc/arm-none-eabi/12.2.1/../../../arm-none-eabi/lib/thumb/v7-m/nofp/libc_nano.a(lib_a-init.o)
 .ARM.attributes
                0x00000077       0x2d /usr/lib/gcc/arm-none-eabi/12.2.1/../../../arm-none-eabi/lib/thumb/v7-m/nofp/libc_nano.a(lib_a-memset.o)
 .ARM.attributes
                0x000000a4       0x2d CMakeFiles/thermometers.dir/Core/Src/main.c.obj
 .ARM.attributes
                0x000000d1       0x2d CMakeFiles/thermometers.dir/Core/Src/gpio.c.obj
 .ARM.attributes
                0x000000fe       0x2d CMakeFiles/thermometers.dir/Core/Src/i2c.c.obj
 .ARM.attributes
                0x0000012b       0x2d CMakeFiles/thermometers.dir/Core/Src/stm32f1xx_it.c.obj
 .ARM.attributes
                0x00000158       0x2d CMakeFiles/thermometers.dir/Core/Src/stm32f1xx_hal_msp.c.obj
 .ARM.attributes
                0x00000185       0x2d CMakeFiles/thermometers.dir/Drivers/STM32F1xx_HAL_Driver/Src/stm32f1xx_hal_i2c.c.obj
 .ARM.attributes
                0x000001b2       0x2d CMakeFiles/thermometers.dir/Drivers/STM32F1xx_HAL_Driver/Src/stm32f1xx_hal.c.obj
 .ARM.attributes
                0x000001df       0x2d CMakeFiles/thermometers.dir/Drivers/STM32F1xx_HAL_Driver/Src/stm32f1xx_hal_rcc.c.obj
 .ARM.attributes
                0x0000020c       0x2d CMakeFiles/thermometers.dir/Drivers/STM32F1xx_HAL_Driver/Src/stm32f1xx_hal_gpio.c.obj
 .ARM.attributes
                0x00000239       0x2d CMakeFiles/thermometers.dir/Drivers/STM32F1xx_HAL_Driver/Src/stm32f1xx_hal_cortex.c.obj
 .ARM.attributes
                0x00000266       0x2d CMakeFiles/thermometers.dir/Core/Src/system_stm32f1xx.c.obj
 .ARM.attributes
                0x00000293       0x21 CMakeFiles/thermometers.dir/startup_stm32f103xb.s.obj
 .ARM.attributes
                0x000002b4       0x2d /usr/lib/gcc/arm-none-eabi/12.2.1/thumb/v7-m/nofp/crtend.o
 .ARM.attributes
                0x000002e1       0x1d /usr/lib/gcc/arm-none-eabi/12.2.1/thumb/v7-m/nofp/crtn.o

.comment        0x00000000       0x26
 .comment       0x00000000       0x26 /usr/lib/gcc/arm-none-eabi/12.2.1/thumb/v7-m/nofp/crtbegin.o
                                 0x27 (size before relaxing)
 .comment       0x00000026       0x27 /usr/lib/gcc/arm-none-eabi/12.2.1/../../../arm-none-eabi/lib/thumb/v7-m/nofp/libc_nano.a(lib_a-init.o)
 .comment       0x00000026       0x27 /usr/lib/gcc/arm-none-eabi/12.2.1/../../../arm-none-eabi/lib/thumb/v7-m/nofp/libc_nano.a(lib_a-memset.o)
 .comment       0x00000026       0x27 CMakeFiles/thermometers.dir/Core/Src/main.c.obj
 .comment       0x00000026       0x27 CMakeFiles/thermometers.dir/Core/Src/gpio.c.obj
 .comment       0x00000026       0x27 CMakeFiles/thermometers.dir/Core/Src/i2c.c.obj
 .comment       0x00000026       0x27 CMakeFiles/thermometers.dir/Core/Src/stm32f1xx_it.c.obj
 .comment       0x00000026       0x27 CMakeFiles/thermometers.dir/Core/Src/stm32f1xx_hal_msp.c.obj
 .comment       0x00000026       0x27 CMakeFiles/thermometers.dir/Drivers/STM32F1xx_HAL_Driver/Src/stm32f1xx_hal_i2c.c.obj
 .comment       0x00000026       0x27 CMakeFiles/thermometers.dir/Drivers/STM32F1xx_HAL_Driver/Src/stm32f1xx_hal.c.obj
 .comment       0x00000026       0x27 CMakeFiles/thermometers.dir/Drivers/STM32F1xx_HAL_Driver/Src/stm32f1xx_hal_rcc.c.obj
 .comment       0x00000026       0x27 CMakeFiles/thermometers.dir/Drivers/STM32F1xx_HAL_Driver/Src/stm32f1xx_hal_gpio.c.obj
 .comment       0x00000026       0x27 CMakeFiles/thermometers.dir/Drivers/STM32F1xx_HAL_Driver/Src/stm32f1xx_hal_cortex.c.obj
 .comment       0x00000026       0x27 CMakeFiles/thermometers.dir/Core/Src/system_stm32f1xx.c.obj
 .comment       0x00000026       0x27 /usr/lib/gcc/arm-none-eabi/12.2.1/thumb/v7-m/nofp/crtend.o

.debug_info     0x00000000     0x5729
 .debug_info    0x00000000      0x10b /usr/lib/gcc/arm-none-eabi/12.2.1/../../../arm-none-eabi/lib/thumb/v7-m/nofp/libc_nano.a(lib_a-init.o)
 .debug_info    0x0000010b      0x135 /usr/lib/gcc/arm-none-eabi/12.2.1/../../../arm-none-eabi/lib/thumb/v7-m/nofp/libc_nano.a(lib_a-memset.o)
 .debug_info    0x00000240      0x28b CMakeFiles/thermometers.dir/Core/Src/main.c.obj
 .debug_info    0x000004cb      0x178 CMakeFiles/thermometers.dir/Core/Src/gpio.c.obj
 .debug_info    0x00000643      0x817 CMakeFiles/thermometers.dir/Core/Src/i2c.c.obj
 .debug_info    0x00000e5a      0x113 CMakeFiles/thermometers.dir/Core/Src/stm32f1xx_it.c.obj
 .debug_info    0x00000f6d      0x1e5 CMakeFiles/thermometers.dir/Core/Src/stm32f1xx_hal_msp.c.obj
 .debug_info    0x00001152     0x2500 CMakeFiles/thermometers.dir/Drivers/STM32F1xx_HAL_Driver/Src/stm32f1xx_hal_i2c.c.obj
 .debug_info    0x00003652      0x6f8 CMakeFiles/thermometers.dir/Drivers/STM32F1xx_HAL_Driver/Src/stm32f1xx_hal.c.obj
 .debug_info    0x00003d4a      0x7b1 CMakeFiles/thermometers.dir/Drivers/STM32F1xx_HAL_Driver/Src/stm32f1xx_hal_rcc.c.obj
 .debug_info    0x000044fb      0x593 CMakeFiles/thermometers.dir/Drivers/STM32F1xx_HAL_Driver/Src/stm32f1xx_hal_gpio.c.obj
 .debug_info    0x00004a8e      0xa63 CMakeFiles/thermometers.dir/Drivers/STM32F1xx_HAL_Driver/Src/stm32f1xx_hal_cortex.c.obj
 .debug_info    0x000054f1      0x208 CMakeFiles/thermometers.dir/Core/Src/system_stm32f1xx.c.obj
 .debug_info    0x000056f9       0x30 CMakeFiles/thermometers.dir/startup_stm32f103xb.s.obj

.debug_abbrev   0x00000000     0x1467
 .debug_abbrev  0x00000000       0xc9 /usr/lib/gcc/arm-none-eabi/12.2.1/../../../arm-none-eabi/lib/thumb/v7-m/nofp/libc_nano.a(lib_a-init.o)
 .debug_abbrev  0x000000c9       0xb7 /usr/lib/gcc/arm-none-eabi/12.2.1/../../../arm-none-eabi/lib/thumb/v7-m/nofp/libc_nano.a(lib_a-memset.o)
 .debug_abbrev  0x00000180      0x172 CMakeFiles/thermometers.dir/Core/Src/main.c.obj
 .debug_abbrev  0x000002f2       0xc6 CMakeFiles/thermometers.dir/Core/Src/gpio.c.obj
 .debug_abbrev  0x000003b8      0x1e4 CMakeFiles/thermometers.dir/Core/Src/i2c.c.obj
 .debug_abbrev  0x0000059c       0x73 CMakeFiles/thermometers.dir/Core/Src/stm32f1xx_it.c.obj
 .debug_abbrev  0x0000060f       0xdb CMakeFiles/thermometers.dir/Core/Src/stm32f1xx_hal_msp.c.obj
 .debug_abbrev  0x000006ea      0x2a3 CMakeFiles/thermometers.dir/Drivers/STM32F1xx_HAL_Driver/Src/stm32f1xx_hal_i2c.c.obj
 .debug_abbrev  0x0000098d      0x201 CMakeFiles/thermometers.dir/Drivers/STM32F1xx_HAL_Driver/Src/stm32f1xx_hal.c.obj
 .debug_abbrev  0x00000b8e      0x2b3 CMakeFiles/thermometers.dir/Drivers/STM32F1xx_HAL_Driver/Src/stm32f1xx_hal_rcc.c.obj
 .debug_abbrev  0x00000e41      0x1ca CMakeFiles/thermometers.dir/Drivers/STM32F1xx_HAL_Driver/Src/stm32f1xx_hal_gpio.c.obj
 .debug_abbrev  0x0000100b      0x2f8 CMakeFiles/thermometers.dir/Drivers/STM32F1xx_HAL_Driver/Src/stm32f1xx_hal_cortex.c.obj
 .debug_abbrev  0x00001303      0x140 CMakeFiles/thermometers.dir/Core/Src/system_stm32f1xx.c.obj
 .debug_abbrev  0x00001443       0x24 CMakeFiles/thermometers.dir/startup_stm32f103xb.s.obj

.debug_loclists
                0x00000000      0x230
 .debug_loclists
                0x00000000       0x65 /usr/lib/gcc/arm-none-eabi/12.2.1/../../../arm-none-eabi/lib/thumb/v7-m/nofp/libc_nano.a(lib_a-init.o)
 .debug_loclists
                0x00000065      0x1cb /usr/lib/gcc/arm-none-eabi/12.2.1/../../../arm-none-eabi/lib/thumb/v7-m/nofp/libc_nano.a(lib_a-memset.o)

.debug_aranges  0x00000000      0x708
 .debug_aranges
                0x00000000       0x20 /usr/lib/gcc/arm-none-eabi/12.2.1/../../../arm-none-eabi/lib/thumb/v7-m/nofp/libc_nano.a(lib_a-init.o)
 .debug_aranges
                0x00000020       0x20 /usr/lib/gcc/arm-none-eabi/12.2.1/../../../arm-none-eabi/lib/thumb/v7-m/nofp/libc_nano.a(lib_a-memset.o)
 .debug_aranges
                0x00000040       0x30 CMakeFiles/thermometers.dir/Core/Src/main.c.obj
 .debug_aranges
                0x00000070       0x20 CMakeFiles/thermometers.dir/Core/Src/gpio.c.obj
 .debug_aranges
                0x00000090       0x38 CMakeFiles/thermometers.dir/Core/Src/i2c.c.obj
 .debug_aranges
                0x000000c8       0x60 CMakeFiles/thermometers.dir/Core/Src/stm32f1xx_it.c.obj
 .debug_aranges
                0x00000128       0x20 CMakeFiles/thermometers.dir/Core/Src/stm32f1xx_hal_msp.c.obj
 .debug_aranges
                0x00000148      0x2a8 CMakeFiles/thermometers.dir/Drivers/STM32F1xx_HAL_Driver/Src/stm32f1xx_hal_i2c.c.obj
 .debug_aranges
                0x000003f0       0xe0 CMakeFiles/thermometers.dir/Drivers/STM32F1xx_HAL_Driver/Src/stm32f1xx_hal.c.obj
 .debug_aranges
                0x000004d0       0x90 CMakeFiles/thermometers.dir/Drivers/STM32F1xx_HAL_Driver/Src/stm32f1xx_hal_rcc.c.obj
 .debug_aranges
                0x00000560       0x58 CMakeFiles/thermometers.dir/Drivers/STM32F1xx_HAL_Driver/Src/stm32f1xx_hal_gpio.c.obj
 .debug_aranges
                0x000005b8      0x100 CMakeFiles/thermometers.dir/Drivers/STM32F1xx_HAL_Driver/Src/stm32f1xx_hal_cortex.c.obj
 .debug_aranges
                0x000006b8       0x28 CMakeFiles/thermometers.dir/Core/Src/system_stm32f1xx.c.obj
 .debug_aranges
                0x000006e0       0x28 CMakeFiles/thermometers.dir/startup_stm32f103xb.s.obj

.debug_line     0x00000000     0x7f2f
 .debug_line    0x00000000      0x12c /usr/lib/gcc/arm-none-eabi/12.2.1/../../../arm-none-eabi/lib/thumb/v7-m/nofp/libc_nano.a(lib_a-init.o)
 .debug_line    0x0000012c      0x1b0 /usr/lib/gcc/arm-none-eabi/12.2.1/../../../arm-none-eabi/lib/thumb/v7-m/nofp/libc_nano.a(lib_a-memset.o)
 .debug_line    0x000002dc      0x521 CMakeFiles/thermometers.dir/Core/Src/main.c.obj
 .debug_line    0x000007fd      0x49b CMakeFiles/thermometers.dir/Core/Src/gpio.c.obj
 .debug_line    0x00000c98      0x56d CMakeFiles/thermometers.dir/Core/Src/i2c.c.obj
 .debug_line    0x00001205      0x560 CMakeFiles/thermometers.dir/Core/Src/stm32f1xx_it.c.obj
 .debug_line    0x00001765      0x49e CMakeFiles/thermometers.dir/Core/Src/stm32f1xx_hal_msp.c.obj
 .debug_line    0x00001c03     0x39e6 CMakeFiles/thermometers.dir/Drivers/STM32F1xx_HAL_Driver/Src/stm32f1xx_hal_i2c.c.obj
 .debug_line    0x000055e9      0x749 CMakeFiles/thermometers.dir/Drivers/STM32F1xx_HAL_Driver/Src/stm32f1xx_hal.c.obj
 .debug_line    0x00005d32      0xb52 CMakeFiles/thermometers.dir/Drivers/STM32F1xx_HAL_Driver/Src/stm32f1xx_hal_rcc.c.obj
 .debug_line    0x00006884      0x7e2 CMakeFiles/thermometers.dir/Drivers/STM32F1xx_HAL_Driver/Src/stm32f1xx_hal_gpio.c.obj
 .debug_line    0x00007066      0x935 CMakeFiles/thermometers.dir/Drivers/STM32F1xx_HAL_Driver/Src/stm32f1xx_hal_cortex.c.obj
 .debug_line    0x0000799b      0x51c CMakeFiles/thermometers.dir/Core/Src/system_stm32f1xx.c.obj
 .debug_line    0x00007eb7       0x78 CMakeFiles/thermometers.dir/startup_stm32f103xb.s.obj

.debug_str      0x00000000    0x7e444
 .debug_str     0x00000000      0x163 /usr/lib/gcc/arm-none-eabi/12.2.1/../../../arm-none-eabi/lib/thumb/v7-m/nofp/libc_nano.a(lib_a-init.o)
                                0x1f3 (size before relaxing)
 .debug_str     0x00000163       0xa7 /usr/lib/gcc/arm-none-eabi/12.2.1/../../../arm-none-eabi/lib/thumb/v7-m/nofp/libc_nano.a(lib_a-memset.o)
                                0x1a8 (size before relaxing)
 .debug_str     0x0000020a    0x7bff8 CMakeFiles/thermometers.dir/Core/Src/main.c.obj
                              0x7c321 (size before relaxing)
 .debug_str     0x0007c202       0x7f CMakeFiles/thermometers.dir/Core/Src/gpio.c.obj
                              0x7c197 (size before relaxing)
 .debug_str     0x0007c281      0x4cd CMakeFiles/thermometers.dir/Core/Src/i2c.c.obj
                              0x7c6f5 (size before relaxing)
 .debug_str     0x0007c74e       0xef CMakeFiles/thermometers.dir/Core/Src/stm32f1xx_it.c.obj
                              0x7c1e5 (size before relaxing)
 .debug_str     0x0007c83d       0x80 CMakeFiles/thermometers.dir/Core/Src/stm32f1xx_hal_msp.c.obj
                              0x7c1c5 (size before relaxing)
 .debug_str     0x0007c8bd      0xc2b CMakeFiles/thermometers.dir/Drivers/STM32F1xx_HAL_Driver/Src/stm32f1xx_hal_i2c.c.obj
                              0x7d2a2 (size before relaxing)
 .debug_str     0x0007d4e8      0x621 CMakeFiles/thermometers.dir/Drivers/STM32F1xx_HAL_Driver/Src/stm32f1xx_hal.c.obj
                              0x7c923 (size before relaxing)
 .debug_str     0x0007db09      0x24b CMakeFiles/thermometers.dir/Drivers/STM32F1xx_HAL_Driver/Src/stm32f1xx_hal_rcc.c.obj
                              0x7c60a (size before relaxing)
 .debug_str     0x0007dd54      0x348 CMakeFiles/thermometers.dir/Drivers/STM32F1xx_HAL_Driver/Src/stm32f1xx_hal_gpio.c.obj
                              0x7c56b (size before relaxing)
 .debug_str     0x0007e09c      0x2d7 CMakeFiles/thermometers.dir/Drivers/STM32F1xx_HAL_Driver/Src/stm32f1xx_hal_cortex.c.obj
                              0x7c85b (size before relaxing)
 .debug_str     0x0007e373       0x78 CMakeFiles/thermometers.dir/Core/Src/system_stm32f1xx.c.obj
                              0x7c1e6 (size before relaxing)
 .debug_str     0x0007e3eb       0x59 CMakeFiles/thermometers.dir/startup_stm32f103xb.s.obj
                                 0x88 (size before relaxing)

.debug_frame    0x00000000     0x1a60
 .debug_frame   0x00000000       0x2c /usr/lib/gcc/arm-none-eabi/12.2.1/../../../arm-none-eabi/lib/thumb/v7-m/nofp/libc_nano.a(lib_a-init.o)
 .debug_frame   0x0000002c       0x2c /usr/lib/gcc/arm-none-eabi/12.2.1/../../../arm-none-eabi/lib/thumb/v7-m/nofp/libc_nano.a(lib_a-memset.o)
 .debug_frame   0x00000058       0x68 CMakeFiles/thermometers.dir/Core/Src/main.c.obj
 .debug_frame   0x000000c0       0x38 CMakeFiles/thermometers.dir/Core/Src/gpio.c.obj
 .debug_frame   0x000000f8       0x90 CMakeFiles/thermometers.dir/Core/Src/i2c.c.obj
 .debug_frame   0x00000188      0x104 CMakeFiles/thermometers.dir/Core/Src/stm32f1xx_it.c.obj
 .debug_frame   0x0000028c       0x38 CMakeFiles/thermometers.dir/Core/Src/stm32f1xx_hal_msp.c.obj
 .debug_frame   0x000002c4      0xc84 CMakeFiles/thermometers.dir/Drivers/STM32F1xx_HAL_Driver/Src/stm32f1xx_hal_i2c.c.obj
 .debug_frame   0x00000f48      0x334 CMakeFiles/thermometers.dir/Drivers/STM32F1xx_HAL_Driver/Src/stm32f1xx_hal.c.obj
 .debug_frame   0x0000127c      0x218 CMakeFiles/thermometers.dir/Drivers/STM32F1xx_HAL_Driver/Src/stm32f1xx_hal_rcc.c.obj
 .debug_frame   0x00001494      0x14c CMakeFiles/thermometers.dir/Drivers/STM32F1xx_HAL_Driver/Src/stm32f1xx_hal_gpio.c.obj
 .debug_frame   0x000015e0      0x428 CMakeFiles/thermometers.dir/Drivers/STM32F1xx_HAL_Driver/Src/stm32f1xx_hal_cortex.c.obj
 .debug_frame   0x00001a08       0x58 CMakeFiles/thermometers.dir/Core/Src/system_stm32f1xx.c.obj

.debug_rnglists
                0x00000000      0x527
 .debug_rnglists
                0x00000000       0x20 CMakeFiles/thermometers.dir/Core/Src/main.c.obj
 .debug_rnglists
                0x00000020       0x13 CMakeFiles/thermometers.dir/Core/Src/gpio.c.obj
 .debug_rnglists
                0x00000033       0x26 CMakeFiles/thermometers.dir/Core/Src/i2c.c.obj
 .debug_rnglists
                0x00000059       0x43 CMakeFiles/thermometers.dir/Core/Src/stm32f1xx_it.c.obj
 .debug_rnglists
                0x0000009c       0x13 CMakeFiles/thermometers.dir/Core/Src/stm32f1xx_hal_msp.c.obj
 .debug_rnglists
                0x000000af      0x23c CMakeFiles/thermometers.dir/Drivers/STM32F1xx_HAL_Driver/Src/stm32f1xx_hal_i2c.c.obj
 .debug_rnglists
                0x000002eb       0xa3 CMakeFiles/thermometers.dir/Drivers/STM32F1xx_HAL_Driver/Src/stm32f1xx_hal.c.obj
 .debug_rnglists
                0x0000038e       0x6c CMakeFiles/thermometers.dir/Drivers/STM32F1xx_HAL_Driver/Src/stm32f1xx_hal_rcc.c.obj
 .debug_rnglists
                0x000003fa       0x3f CMakeFiles/thermometers.dir/Drivers/STM32F1xx_HAL_Driver/Src/stm32f1xx_hal_gpio.c.obj
 .debug_rnglists
                0x00000439       0xbb CMakeFiles/thermometers.dir/Drivers/STM32F1xx_HAL_Driver/Src/stm32f1xx_hal_cortex.c.obj
 .debug_rnglists
                0x000004f4       0x1a CMakeFiles/thermometers.dir/Core/Src/system_stm32f1xx.c.obj
 .debug_rnglists
                0x0000050e       0x19 CMakeFiles/thermometers.dir/startup_stm32f103xb.s.obj

.debug_macro    0x00000000      0xf4e
 .debug_macro   0x00000000      0x167 CMakeFiles/thermometers.dir/Core/Src/main.c.obj
 .debug_macro   0x00000167      0x159 CMakeFiles/thermometers.dir/Core/Src/gpio.c.obj
 .debug_macro   0x000002c0      0x159 CMakeFiles/thermometers.dir/Core/Src/i2c.c.obj
 .debug_macro   0x00000419      0x159 CMakeFiles/thermometers.dir/Core/Src/stm32f1xx_it.c.obj
 .debug_macro   0x00000572      0x14f CMakeFiles/thermometers.dir/Core/Src/stm32f1xx_hal_msp.c.obj
 .debug_macro   0x000006c1      0x193 CMakeFiles/thermometers.dir/Drivers/STM32F1xx_HAL_Driver/Src/stm32f1xx_hal_i2c.c.obj
 .debug_macro   0x00000854      0x169 CMakeFiles/thermometers.dir/Drivers/STM32F1xx_HAL_Driver/Src/stm32f1xx_hal.c.obj
 .debug_macro   0x000009bd      0x157 CMakeFiles/thermometers.dir/Drivers/STM32F1xx_HAL_Driver/Src/stm32f1xx_hal_rcc.c.obj
 .debug_macro   0x00000b14      0x1b0 CMakeFiles/thermometers.dir/Drivers/STM32F1xx_HAL_Driver/Src/stm32f1xx_hal_gpio.c.obj
 .debug_macro   0x00000cc4      0x145 CMakeFiles/thermometers.dir/Drivers/STM32F1xx_HAL_Driver/Src/stm32f1xx_hal_cortex.c.obj
 .debug_macro   0x00000e09      0x145 CMakeFiles/thermometers.dir/Core/Src/system_stm32f1xx.c.obj

.debug_line_str
                0x00000000       0x6e
 .debug_line_str
                0x00000000       0x6e CMakeFiles/thermometers.dir/startup_stm32f103xb.s.obj
